// Jest Snapshot v1, https://goo.gl/fbAQLP

exports[`MovieCard is rendered correctly 1`] = `
<article
  className="small-movie-card catalog__movies-card"
  id={1}
  onMouseLeave={[Function]}
  onMouseOver={[Function]}
>
  <video />
  <h3
    className="small-movie-card__title"
  >
    <a
      className="small-movie-card__link"
      href="/films/1"
      onClick={[Function]}
    >
      The Grand Budapest Hotel
    </a>
  </h3>
</article>
`;
